
========================= LOG SEGMENT: Friday, 21 Aug 2026 =========================
11:57:31 This is the URL: This is the New URL2

========================= LOG SEGMENT: Friday, 21 Aug 2026 =========================
12:00:40 This is the URL: This is the New URL3
12:00:42 This is the URL: This is the New URL3
12:01:03 This is the URL: This is the New URL4

========================= LOG SEGMENT: Friday, 21 Aug 2026 =========================
12:44:46 The version of YTDLP: 2026.07.04



========================= LOG SEGMENT: Saturday, 22 Aug 2026 =========================
02:00:28 The version of YTDLP: 2026.07.04



========================= LOG SEGMENT: Saturday, 22 Aug 2026 =========================
02:00:39 The version of YTDLP: 2026.07.04


02:01:11 This is the URL: This is the New URL2
02:01:11 [--output tmp\%(title)s.%(ext)s]

========================= LOG SEGMENT: Saturday, 22 Aug 2026 =========================
02:02:51 The version of YTDLP: 2026.07.04



========================= LOG SEGMENT: Saturday, 22 Aug 2026 =========================
02:03:22 The version of YTDLP: 2026.07.04


02:03:25 This is the URL: This is the New URL3
02:03:25 [This is the New URL3 -f bestvideo[height<=1080]+bestaudio --output tmp\%(title)s.%(ext)s]
02:05:54 This is the URL: www.url.com/vid2/56
02:05:54 [www.url.com/vid2/56 -f bestvideo[height<=1080]+bestaudio --output tmp\%(title)s.%(ext)s]
02:07:39 This is the URL: https://youtu.be/CMLQjZpzSfM?si=FpALfDlhLJFmzpX0
02:07:39 [https://youtu.be/CMLQjZpzSfM?si=FpALfDlhLJFmzpX0 -f bestvideo[height<=1080]+bestaudio --output tmp\%(title)s.%(ext)s]

========================= LOG SEGMENT: Saturday, 22 Aug 2026 =========================
02:14:37 The version of YTDLP: 2026.07.04



========================= LOG SEGMENT: Saturday, 22 Aug 2026 =========================
02:15:15 The version of YTDLP: 2026.07.04



========================= LOG SEGMENT: Saturday, 22 Aug 2026 =========================
02:15:32 The version of YTDLP: 2026.07.04



========================= LOG SEGMENT: Saturday, 22 Aug 2026 =========================
02:15:58 The version of YTDLP: 2026.07.04



========================= LOG SEGMENT: Saturday, 22 Aug 2026 =========================
02:16:04 The version of YTDLP: 2026.07.04



========================= LOG SEGMENT: Saturday, 22 Aug 2026 =========================
02:16:19 The version of YTDLP: 2026.07.04



========================= LOG SEGMENT: Saturday, 22 Aug 2026 =========================
02:16:28 The version of YTDLP: 2026.07.04


02:16:51 This is the URL: https://youtu.be/CMLQjZpzSfM?si=FpALfDlhLJFmzpX0
02:16:51 [https://youtu.be/CMLQjZpzSfM?si=FpALfDlhLJFmzpX0 -f bestvideo[height<=1080]+bestaudio --output tmp\%(title)s.%(ext)s]
02:16:51 Number of args: 5

02:17:03 This is the URL: https://youtu.be/CMLQjZpzSfM?si=FpALfDlhLJFmzpX0
02:17:03 [https://youtu.be/CMLQjZpzSfM?si=FpALfDlhLJFmzpX0 -f bestvideo[height<=1080]+bestaudio --output tmp\%(title)s.%(ext)s]
02:17:03 Number of args: 5

02:17:34 This is the URL: https://youtu.be/CMLQjZpzSfM?si=FpALfDlhLJFmzpX0
02:17:34 [https://youtu.be/CMLQjZpzSfM?si=FpALfDlhLJFmzpX0 -f bestvideo[height<=1080]+bestaudio --output tmp\%(title)s.%(ext)s]
02:17:34 Number of args: 5


========================= LOG SEGMENT: Saturday, 22 Aug 2026 =========================
02:18:21 The version of YTDLP: 2026.07.04



========================= LOG SEGMENT: Saturday, 22 Aug 2026 =========================
02:18:44 The version of YTDLP: 2026.07.04



========================= LOG SEGMENT: Saturday, 22 Aug 2026 =========================
02:18:49 The version of YTDLP: 2026.07.04



========================= LOG SEGMENT: Saturday, 22 Aug 2026 =========================
02:18:55 The version of YTDLP: 2026.07.04



========================= LOG SEGMENT: Saturday, 22 Aug 2026 =========================
02:18:59 The version of YTDLP: 2026.07.04



========================= LOG SEGMENT: Saturday, 22 Aug 2026 =========================
02:19:04 The version of YTDLP: 2026.07.04



========================= LOG SEGMENT: Saturday, 22 Aug 2026 =========================
02:19:08 The version of YTDLP: 2026.07.04



========================= LOG SEGMENT: Saturday, 22 Aug 2026 =========================
02:19:12 The version of YTDLP: 2026.07.04



========================= LOG SEGMENT: Saturday, 22 Aug 2026 =========================
02:19:23 The version of YTDLP: 2026.07.04



========================= LOG SEGMENT: Saturday, 22 Aug 2026 =========================
02:19:33 The version of YTDLP: 2026.07.04



========================= LOG SEGMENT: Saturday, 22 Aug 2026 =========================
02:19:43 The version of YTDLP: 2026.07.04


02:20:03 This is the URL: https://youtu.be/CzFt5JFmDGo?si=zoQZ5kVb2GYlVGlh
02:20:03 [https://youtu.be/CzFt5JFmDGo?si=zoQZ5kVb2GYlVGlh -f bestvideo[height<=1080]+bestaudio --output tmp\%(title)s.%(ext)s]
02:20:03 Number of args: 5

02:20:03 args[0]: https://youtu.be/CzFt5JFmDGo?si=zoQZ5kVb2GYlVGlh

02:20:03 args[1]: -f

02:20:03 args[2]: bestvideo[height<=1080]+bestaudio

02:20:03 args[3]: --output

02:20:03 args[4]: tmp\%(title)s.%(ext)s


========================= LOG SEGMENT: Saturday, 22 Aug 2026 =========================
02:25:07 The version of YTDLP: 2026.07.04



========================= LOG SEGMENT: Saturday, 22 Aug 2026 =========================
02:25:35 The version of YTDLP: 2026.07.04



========================= LOG SEGMENT: Saturday, 22 Aug 2026 =========================
02:25:39 The version of YTDLP: 2026.07.04



========================= LOG SEGMENT: Saturday, 22 Aug 2026 =========================
02:25:48 The version of YTDLP: 2026.07.04



========================= LOG SEGMENT: Saturday, 22 Aug 2026 =========================
02:25:59 The version of YTDLP: 2026.07.04



========================= LOG SEGMENT: Saturday, 22 Aug 2026 =========================
02:26:03 The version of YTDLP: 2026.07.04



========================= LOG SEGMENT: Saturday, 22 Aug 2026 =========================
02:26:15 The version of YTDLP: 2026.07.04



========================= LOG SEGMENT: Saturday, 22 Aug 2026 =========================
02:26:40 The version of YTDLP: 2026.07.04



========================= LOG SEGMENT: Saturday, 22 Aug 2026 =========================
02:27:36 The version of YTDLP: 2026.07.04



========================= LOG SEGMENT: Saturday, 22 Aug 2026 =========================
02:27:46 The version of YTDLP: 2026.07.04



========================= LOG SEGMENT: Saturday, 22 Aug 2026 =========================
02:27:55 The version of YTDLP: 2026.07.04



========================= LOG SEGMENT: Saturday, 22 Aug 2026 =========================
02:28:03 The version of YTDLP: 2026.07.04



========================= LOG SEGMENT: Saturday, 22 Aug 2026 =========================
02:28:14 The version of YTDLP: 2026.07.04



========================= LOG SEGMENT: Saturday, 22 Aug 2026 =========================
02:28:18 The version of YTDLP: 2026.07.04



========================= LOG SEGMENT: Saturday, 22 Aug 2026 =========================
02:28:31 The version of YTDLP: 2026.07.04



========================= LOG SEGMENT: Saturday, 22 Aug 2026 =========================
02:28:39 The version of YTDLP: 2026.07.04



========================= LOG SEGMENT: Saturday, 22 Aug 2026 =========================
02:28:42 The version of YTDLP: 2026.07.04



========================= LOG SEGMENT: Saturday, 22 Aug 2026 =========================
02:28:53 The version of YTDLP: 2026.07.04



========================= LOG SEGMENT: Saturday, 22 Aug 2026 =========================
02:29:00 The version of YTDLP: 2026.07.04



========================= LOG SEGMENT: Saturday, 22 Aug 2026 =========================
02:29:05 The version of YTDLP: 2026.07.04


02:30:40 This is the URL: https://youtu.be/azSYS5WDJLQ?si=hVWBs4cLFvTn-D9k
02:30:40 [https://youtu.be/azSYS5WDJLQ?si=hVWBs4cLFvTn-D9k -f bestvideo[height<=1080]+bestaudio --output tmp\%(title)s.%(ext)s]
02:30:40 Number of args: 5

02:30:40 args[0]: https://youtu.be/azSYS5WDJLQ?si=hVWBs4cLFvTn-D9k

02:30:40 args[1]: -f

02:30:40 args[2]: bestvideo[height<=1080]+bestaudio

02:30:40 args[3]: --output

02:30:40 args[4]: tmp\%(title)s.%(ext)s


========================= LOG SEGMENT: Saturday, 22 Aug 2026 =========================
02:34:12 The version of YTDLP: 2026.07.04



========================= LOG SEGMENT: Saturday, 22 Aug 2026 =========================
02:34:26 The version of YTDLP: 2026.07.04



========================= LOG SEGMENT: Saturday, 22 Aug 2026 =========================
02:34:36 The version of YTDLP: 2026.07.04



========================= LOG SEGMENT: Saturday, 22 Aug 2026 =========================
02:34:52 The version of YTDLP: 2026.07.04



========================= LOG SEGMENT: Saturday, 22 Aug 2026 =========================
02:35:13 The version of YTDLP: 2026.07.04



========================= LOG SEGMENT: Saturday, 22 Aug 2026 =========================
02:35:29 The version of YTDLP: 2026.07.04



========================= LOG SEGMENT: Saturday, 22 Aug 2026 =========================
02:35:34 The version of YTDLP: 2026.07.04



========================= LOG SEGMENT: Saturday, 22 Aug 2026 =========================
02:35:59 The version of YTDLP: 2026.07.04



========================= LOG SEGMENT: Saturday, 22 Aug 2026 =========================
02:36:14 The version of YTDLP: 2026.07.04


02:38:34 This is the URL: https://youtu.be/vglYkrD_Ca8?si=4Yt4gHQHJJ1ic3J1
02:38:34 [https://youtu.be/vglYkrD_Ca8?si=4Yt4gHQHJJ1ic3J1 -f bestvideo[height<=1080]+bestaudio --output tmp\%(title)s.%(ext)s]
02:38:34 Number of args: 5

02:38:34 args[0]: https://youtu.be/vglYkrD_Ca8?si=4Yt4gHQHJJ1ic3J1

02:38:34 args[1]: -f

02:38:34 args[2]: bestvideo[height<=1080]+bestaudio

02:38:34 args[3]: --output

02:38:34 args[4]: tmp\%(title)s.%(ext)s

02:39:15 Execution failed: exit status 1
02:42:02 This is the URL: https://youtu.be/vglYkrD_Ca8?si=4Yt4gHQHJJ1ic3J1
02:42:02 [https://youtu.be/vglYkrD_Ca8?si=4Yt4gHQHJJ1ic3J1 -f bestvideo[height<=1080]+bestaudio --output tmp\%(title)s.%(ext)s]
02:42:02 Number of args: 5

02:42:02 args[0]: https://youtu.be/vglYkrD_Ca8?si=4Yt4gHQHJJ1ic3J1

02:42:02 args[1]: -f

02:42:02 args[2]: bestvideo[height<=1080]+bestaudio

02:42:02 args[3]: --output

02:42:02 args[4]: tmp\%(title)s.%(ext)s

02:42:44 Execution failed: exit status 1
02:44:38 This is the URL: https://youtu.be/vglYkrD_Ca8?si=4Yt4gHQHJJ1ic3J1
02:44:38 [https://youtu.be/vglYkrD_Ca8?si=4Yt4gHQHJJ1ic3J1 -f bestvideo[height<=1080]+bestaudio --output tmp\%(title)s.%(ext)s]
02:44:38 Number of args: 5

02:44:38 args[0]: https://youtu.be/vglYkrD_Ca8?si=4Yt4gHQHJJ1ic3J1

02:44:38 args[1]: -f

02:44:38 args[2]: bestvideo[height<=1080]+bestaudio

02:44:38 args[3]: --output

02:44:38 args[4]: tmp\%(title)s.%(ext)s

02:44:41 Execution failed: exit status 1
02:45:47 This is the URL: https://youtu.be/CzFt5JFmDGo?si=zoQZ5kVb2GYlVGlh
02:45:47 [https://youtu.be/CzFt5JFmDGo?si=zoQZ5kVb2GYlVGlh -f bestvideo[height<=1080]+bestaudio --output tmp\%(title)s.%(ext)s]
02:45:47 Number of args: 5

02:45:47 args[0]: https://youtu.be/CzFt5JFmDGo?si=zoQZ5kVb2GYlVGlh

02:45:47 args[1]: -f

02:45:47 args[2]: bestvideo[height<=1080]+bestaudio

02:45:47 args[3]: --output

02:45:47 args[4]: tmp\%(title)s.%(ext)s

02:45:50 Execution failed: exit status 1
02:47:15 This is the URL: https://youtu.be/azSYS5WDJLQ?si=hVWBs4cLFvTn-D9k
02:47:15 [https://youtu.be/azSYS5WDJLQ?si=hVWBs4cLFvTn-D9k -f bestvideo[height<=1080]+bestaudio --output tmp\%(title)s.%(ext)s]
02:47:15 Number of args: 5

02:47:15 args[0]: https://youtu.be/azSYS5WDJLQ?si=hVWBs4cLFvTn-D9k

02:47:15 args[1]: -f

02:47:15 args[2]: bestvideo[height<=1080]+bestaudio

02:47:15 args[3]: --output

02:47:15 args[4]: tmp\%(title)s.%(ext)s


========================= LOG SEGMENT: Saturday, 22 Aug 2026 =========================
02:47:54 The version of YTDLP: 2026.07.04



========================= LOG SEGMENT: Saturday, 22 Aug 2026 =========================
02:48:01 The version of YTDLP: 2026.07.04



========================= LOG SEGMENT: Saturday, 22 Aug 2026 =========================
02:48:04 The version of YTDLP: 2026.07.04



========================= LOG SEGMENT: Saturday, 22 Aug 2026 =========================
02:48:08 The version of YTDLP: 2026.07.04



========================= LOG SEGMENT: Saturday, 22 Aug 2026 =========================
02:48:20 The version of YTDLP: 2026.07.04



========================= LOG SEGMENT: Saturday, 22 Aug 2026 =========================
02:48:36 The version of YTDLP: 2026.07.04



========================= LOG SEGMENT: Saturday, 22 Aug 2026 =========================
02:48:57 The version of YTDLP: 2026.07.04


02:48:59 This is the URL: https://youtu.be/azSYS5WDJLQ?si=hVWBs4cLFvTn-D9k
02:48:59 [https://youtu.be/azSYS5WDJLQ?si=hVWBs4cLFvTn-D9k -f bestvideo[height<=1080]+bestaudio --output tmp\%(title)s.%(ext)s]
02:48:59 Number of args: 5

02:48:59 args[0]: https://youtu.be/azSYS5WDJLQ?si=hVWBs4cLFvTn-D9k

02:48:59 args[1]: -f

02:48:59 args[2]: bestvideo[height<=1080]+bestaudio

02:48:59 args[3]: --output

02:48:59 args[4]: tmp\%(title)s.%(ext)s


========================= LOG SEGMENT: Saturday, 22 Aug 2026 =========================
02:54:16 The version of YTDLP: 2026.07.04



========================= LOG SEGMENT: Saturday, 22 Aug 2026 =========================
02:55:01 The version of YTDLP: 2026.07.04



========================= LOG SEGMENT: Saturday, 22 Aug 2026 =========================
02:55:36 The version of YTDLP: 2026.07.04



========================= LOG SEGMENT: Saturday, 22 Aug 2026 =========================
02:55:39 The version of YTDLP: 2026.07.04



========================= LOG SEGMENT: Saturday, 22 Aug 2026 =========================
02:55:43 The version of YTDLP: 2026.07.04



========================= LOG SEGMENT: Saturday, 22 Aug 2026 =========================
02:55:45 The version of YTDLP: 2026.07.04



========================= LOG SEGMENT: Saturday, 22 Aug 2026 =========================
02:55:52 The version of YTDLP: 2026.07.04



========================= LOG SEGMENT: Saturday, 22 Aug 2026 =========================
02:55:56 The version of YTDLP: 2026.07.04



========================= LOG SEGMENT: Saturday, 22 Aug 2026 =========================
02:56:01 The version of YTDLP: 2026.07.04



========================= LOG SEGMENT: Saturday, 22 Aug 2026 =========================
02:56:05 The version of YTDLP: 2026.07.04



========================= LOG SEGMENT: Saturday, 22 Aug 2026 =========================
02:56:14 The version of YTDLP: 2026.07.04



========================= LOG SEGMENT: Saturday, 22 Aug 2026 =========================
02:56:19 The version of YTDLP: 2026.07.04



========================= LOG SEGMENT: Saturday, 22 Aug 2026 =========================
02:56:35 The version of YTDLP: 2026.07.04


02:59:27 This is the URL: https://youtu.be/azSYS5WDJLQ?si=hVWBs4cLFvTn-D9k
02:59:27 [https://youtu.be/azSYS5WDJLQ?si=hVWBs4cLFvTn-D9k -f bestvideo[height<=1080]+bestaudio --output tmp\%(title)s.%(ext)s]
02:59:27 Number of args: 5

02:59:27 args[0]: https://youtu.be/azSYS5WDJLQ?si=hVWBs4cLFvTn-D9k

02:59:27 args[1]: -f

02:59:27 args[2]: bestvideo[height<=1080]+bestaudio

02:59:27 args[3]: --output

02:59:27 args[4]: tmp\%(title)s.%(ext)s

03:03:49 This is the URL: https://youtu.be/azSYS5WDJLQ?si=hVWBs4cLFvTn-D9k
03:03:49 [https://youtu.be/azSYS5WDJLQ?si=hVWBs4cLFvTn-D9k -f bestvideo[height<=1080]+bestaudio --output tmp\%(title)s.%(ext)s]
03:03:49 Number of args: 5

03:03:49 args[0]: https://youtu.be/azSYS5WDJLQ?si=hVWBs4cLFvTn-D9k

03:03:49 args[1]: -f

03:03:49 args[2]: bestvideo[height<=1080]+bestaudio

03:03:49 args[3]: --output

03:03:49 args[4]: tmp\%(title)s.%(ext)s

03:05:49 This is the URL: https://youtu.be/azSYS5WDJLQ?si=hVWBs4cLFvTn-D9k
03:05:49 [https://youtu.be/azSYS5WDJLQ?si=hVWBs4cLFvTn-D9k -f bestvideo[height<=1080]+bestaudio --output tmp\%(title)s.%(ext)s]
03:05:49 Number of args: 5

03:05:49 args[0]: https://youtu.be/azSYS5WDJLQ?si=hVWBs4cLFvTn-D9k

03:05:49 args[1]: -f

03:05:49 args[2]: bestvideo[height<=1080]+bestaudio

03:05:49 args[3]: --output

03:05:49 args[4]: tmp\%(title)s.%(ext)s

03:06:41 This is the URL: https://youtu.be/azSYS5WDJLQ?si=hVWBs4cLFvTn-D9k
03:06:41 [https://youtu.be/azSYS5WDJLQ?si=hVWBs4cLFvTn-D9k -f bestvideo[height<=1080]+bestaudio --output tmp\%(title)s.%(ext)s]
03:06:41 Number of args: 5

03:06:41 args[0]: https://youtu.be/azSYS5WDJLQ?si=hVWBs4cLFvTn-D9k

03:06:41 args[1]: -f

03:06:41 args[2]: bestvideo[height<=1080]+bestaudio

03:06:41 args[3]: --output

03:06:41 args[4]: tmp\%(title)s.%(ext)s

03:08:41 This is the URL: https://youtu.be/azSYS5WDJLQ?si=hVWBs4cLFvTn-D9k
03:08:41 [https://youtu.be/azSYS5WDJLQ?si=hVWBs4cLFvTn-D9k -f bestvideo[height<=1080]+bestaudio --output tmp\%(title)s.%(ext)s]
03:08:41 Number of args: 5

03:08:41 args[0]: https://youtu.be/azSYS5WDJLQ?si=hVWBs4cLFvTn-D9k

03:08:41 args[1]: -f

03:08:41 args[2]: bestvideo[height<=1080]+bestaudio

03:08:41 args[3]: --output

03:08:41 args[4]: tmp\%(title)s.%(ext)s

