
========================= LOG SEGMENT: Saturday, 22 Aug 2026 =========================
14:29:20 The version of YTDLP: 2026.07.04

14:29:20 Installed Version: 2026.07.04
Latest Version: 2026.08.19


========================= LOG SEGMENT: Saturday, 22 Aug 2026 =========================
14:30:07 The version of YTDLP: 2026.07.04

14:30:09 
Installed Version: 2026.07.04
Latest Version: 2026.08.19

22:59:41 The version of YTDLP: 2026.07.04

22:59:44 
Installed Version: 2026.07.04
Latest Version: 2026.08.19

23:00:46 The version of YTDLP: 2026.07.04

23:00:48 
Installed Version: 2026.07.04
Latest Version: 2026.08.19

23:07:23 The version of YTDLP: 2026.07.04

23:07:26 
Installed Version: 2026.07.04
Latest Version: 2026.08.19

23:07:28 The version of YTDLP: 2026.07.04

23:07:28 
Installed Version: 2026.07.04
Latest Version: 2026.08.19

23:07:42 The version of YTDLP: 2026.07.04

23:07:42 
Installed Version: 2026.07.04
Latest Version: 2026.08.19

23:07:56 The version of YTDLP: 2026.07.04

23:07:57 
Installed Version: 2026.07.04
Latest Version: 2026.08.19

23:08:03 The version of YTDLP: 2026.07.04

23:08:04 
Installed Version: 2026.07.04
Latest Version: 2026.08.19

23:08:36 The version of YTDLP: 2026.07.04

23:08:38 
Installed Version: 2026.07.04
Latest Version: 2026.08.19

23:09:01 The version of YTDLP: 2026.07.04

23:09:02 
Installed Version: 2026.07.04
Latest Version: 2026.08.19

23:09:17 The version of YTDLP: 2026.07.04

23:09:18 
Installed Version: 2026.07.04
Latest Version: 2026.08.19

23:09:24 The version of YTDLP: 2026.07.04

23:09:24 
Installed Version: 2026.07.04
Latest Version: 2026.08.19

23:09:55 The version of YTDLP: 2026.07.04

23:09:56 
Installed Version: 2026.07.04
Latest Version: 2026.08.19

23:11:09 The version of YTDLP: 2026.07.04

23:11:11 
Installed Version: 2026.07.04
Latest Version: 2026.08.19

23:11:12 The version of YTDLP: 2026.07.04

23:11:12 
Installed Version: 2026.07.04
Latest Version: 2026.08.19

23:11:15 The version of YTDLP: 2026.07.04

23:11:15 
Installed Version: 2026.07.04
Latest Version: 2026.08.19

23:11:16 The version of YTDLP: 2026.07.04

23:11:16 
Installed Version: 2026.07.04
Latest Version: 2026.08.19

23:11:50 The version of YTDLP: 2026.07.04

23:11:51 
Installed Version: 2026.07.04
Latest Version: 2026.08.19

23:23:37 The version of YTDLP: 2026.07.04

23:24:36 The version of YTDLP: 2026.07.04

23:24:44 
Installed Version: 2026.07.04
Latest Version: 2026.08.19

23:25:44 The version of YTDLP: 2026.07.04

23:25:47 
Installed Version: 2026.07.04
Latest Version: 2026.08.19

23:25:51 The version of YTDLP: 2026.07.04

23:25:52 
Installed Version: 2026.07.04
Latest Version: 2026.08.19

23:29:08 The version of YTDLP: 2026.07.04

23:29:39 The version of YTDLP: 2026.07.04


========================= LOG SEGMENT: Sunday, 23 Aug 2026 =========================
08:48:36 The version of YTDLP: 2026.07.04

08:48:37 2026.08.19
08:48:37 
Installed Version: 2026.07.04
Latest Version: 2026.08.19

