06:52:10 YTDLP is missing
06:52:10 GetVersion failed: ERROR: Check Logs

06:52:35 YTDLP is missing
06:52:35 GetVersion failed: ERROR: Check Logs

06:52:37 Sucessfully reaching the INstall maker:

06:52:37 2026.08.19
06:53:19 Successfully reaching the updatehandler
06:56:45 The version of YTDLP: 2026.08.19

06:56:45 
Installed Version: 2026.08.19
Latest Version: 2026.08.19

06:56:58 The version of YTDLP: 2026.08.19

06:56:58 
Installed Version: 2026.08.19
Latest Version: 2026.08.19

06:57:29 YTDLP is missing
06:57:29 GetVersion failed: ERROR: Check Logs

06:57:36 Sucessfully reaching the INstall maker:

06:57:36 2026.08.19
06:58:14 Successfully reaching the updatehandler
08:32:30 [https://youtu.be/_BDWzLJMuX8?si=f2L_sJ2zfagm4wGN -f bestvideo[height<=1080]+bestaudio --output ..\tmp\%(title)s.%(ext)s]
08:32:30 [https://youtu.be/_BDWzLJMuX8?si=f2L_sJ2zfagm4wGN -f bestvideo[height<=1080]+bestaudio --output ..\tmp\%(title)s.%(ext)s]
