
========================= LOG SEGMENT: Friday, 28 Aug 2026 =========================
10:17:10 The version of YTDLP: 2026.08.19

10:17:10 
Installed Version: 2026.08.19
Latest Version: 2026.08.19

10:17:31 The version of YTDLP: 2026.08.19

10:17:31 
Installed Version: 2026.08.19
Latest Version: 2026.08.19


========================= LOG SEGMENT: Friday, 28 Aug 2026 =========================
21:28:31 The version of YTDLP: 2026.08.19

21:28:31 
Installed Version: 2026.08.19
Latest Version: 2026.08.19

21:28:53 The version of YTDLP: 2026.08.19

21:28:53 
Installed Version: 2026.08.19
Latest Version: 2026.08.19

21:29:18 The version of YTDLP: 2026.08.19

21:29:18 
Installed Version: 2026.08.19
Latest Version: 2026.08.19


========================= LOG SEGMENT: Friday, 28 Aug 2026 =========================
21:33:51 The version of YTDLP: 2026.08.19

21:33:51 This should be visible in both the logs
21:33:51 
Installed Version: 2026.08.19
Latest Version: 2026.08.19


========================= LOG SEGMENT: Friday, 28 Aug 2026 =========================
21:42:20 The version of YTDLP: 2026.08.19

21:42:20 This should be visible in both the logs
21:42:20 This should be visible in both the logs
21:42:20 
Installed Version: 2026.08.19
Latest Version: 2026.08.19


========================= LOG SEGMENT: Friday, 28 Aug 2026 =========================
21:44:25 The version of YTDLP: 2026.08.19

21:44:25 THis should be comming to me
21:44:25 
Installed Version: 2026.08.19
Latest Version: 2026.08.19


========================= LOG SEGMENT: Friday, 28 Aug 2026 =========================
21:45:35 The version of YTDLP: 2026.08.19

21:45:35 THis should be comming to me
21:45:35 ..\logs\versionInfo.log
21:45:35 
Installed Version: 2026.08.19
Latest Version: 2026.08.19


========================= LOG SEGMENT: Friday, 28 Aug 2026 =========================
21:47:11 The version of YTDLP: 2026.08.19

21:47:11 ..\logs\versionInfo.log
21:47:11 THis should be comming to me
21:47:11 
Installed Version: 2026.08.19
Latest Version: 2026.08.19


========================= LOG SEGMENT: Friday, 28 Aug 2026 =========================
22:14:10 2026.08.19
22:14:10 The version of YTDLP: 2026.08.19

22:14:10 
Installed Version: 2026.08.19
Latest Version: 2026.08.19


========================= LOG SEGMENT: Tuesday, 29 Sep 2026 =========================
09:44:13 2026.08.19
09:44:13 The version of YTDLP: 2026.08.19

09:44:13 
Installed Version: 2026.08.19
Latest Version: 


========================= LOG SEGMENT: Tuesday, 29 Sep 2026 =========================
09:47:37 2026.08.19
09:47:37 The version of YTDLP: 2026.08.19

09:47:37 
Installed Version: 2026.08.19
Latest Version: 

09:47:41 Sucessfully reaching the INstall maker:

09:47:41 
09:52:57 Sucessfully reaching the INstall maker:

09:52:57 

========================= LOG SEGMENT: Tuesday, 29 Sep 2026 =========================
10:00:38 2026.08.19
10:00:38 The version of YTDLP: 2026.08.19

10:00:38 
Installed Version: 2026.08.19
Latest Version: 2026.08.19

10:00:40 Sucessfully reaching the INstall maker:

10:00:40 2026.08.19
10:01:01 Successfully reaching the updatehandler
10:01:47 [https://youtu.be/fW5YZ3Vhjtg?si=PqmaydruIF3VCuHh --format bestvideo[height<=1080]+bestaudio --output ..\tmp\%(title)s.%(ext)s]
10:02:44 Download completed successfully!
==========END==========


========================= LOG SEGMENT: Tuesday, 29 Sep 2026 =========================
14:07:21 2026.08.19
14:07:21 The version of YTDLP: 2026.08.19

14:07:21 
Installed Version: 2026.08.19
Latest Version: 2026.08.19

14:09:38 ..\tmp\Gideon Ofnir talks about your tastes in women I Elden Ring Meme.webm
14:09:38 ..\tmp\Some of the best math books for each of the main classes of a math major #math #mathbooks #mathmajor.webm
14:10:07 [https://youtu.be/_BDWzLJMuX8?si=f2L_sJ2zfagm4wGN --format bestvideo[height<=720]+bestaudio --output ..\tmp\%(title)s.%(ext)s]
14:12:59 Download completed successfully!
==========END==========

14:20:56 ..\tmp\Gideon Ofnir talks about your tastes in women I Elden Ring Meme.webm
