10:00:01 Sucessfully reaching the INstall maker:

10:00:01 
